

Mon May 29 14:46:10 2023
Command line: TestDisk

TestDisk 7.1, Data Recovery Utility, July 2019
Christophe GRENIER <grenier@cgsecurity.org>
https://www.cgsecurity.org
OS: Linux, kernel 6.2.11-060211-generic (#202304131639 SMP PREEMPT_DYNAMIC Thu Apr 13 16:45:29 UTC 2023) x86_64
Compiler: GCC 11.2
ext2fs lib: 1.46.5, ntfs lib: libntfs-3g, reiserfs lib: none, ewf lib: none, curses lib: ncurses 6.3
/dev/sda: LBA, HPA, LBA48, DCO support
/dev/sda: size       7814037168 sectors
/dev/sda: user_max   7814037168 sectors
/dev/sda: native_max 7814037168 sectors
/dev/sdb: LBA, HPA, LBA48, DCO support
/dev/sdb: size       488397168 sectors
/dev/sdb: user_max   488397168 sectors
/dev/sdb: native_max 488397168 sectors
Warning: can't get size for Disk /dev/mapper/control - 0 B - 0 sectors, sector size=512
Warning: can't get size for Disk /dev/loop24 - 0 B - 0 sectors, sector size=512
Hard disk list
Disk /dev/sda - 4000 GB / 3726 GiB - CHS 486401 255 63, sector size=512 - ST4000DM000-1F2168, S/N:S301NN3D, FW:CC54
Disk /dev/sdb - 250 GB / 232 GiB - CHS 30401 255 63, sector size=512 - Samsung SSD 850 EVO 250GB, S/N:S21MNWAG608187Z, FW:EMT02B6Q
Disk /dev/loop0 - 4096 B - 8 sectors (RO), sector size=512
Disk /dev/loop1 - 58 MB / 55 MiB - 113896 sectors (RO), sector size=512
Disk /dev/loop10 - 366 MB / 349 MiB - 716160 sectors (RO), sector size=512
Disk /dev/loop11 - 482 MB / 460 MiB - 943224 sectors (RO), sector size=512
Disk /dev/loop12 - 482 MB / 460 MiB - 943224 sectors (RO), sector size=512
Disk /dev/loop13 - 68 MB / 65 MiB - 133320 sectors (RO), sector size=512
Disk /dev/loop14 - 96 MB / 91 MiB - 187776 sectors (RO), sector size=512
Disk /dev/loop15 - 12 MB / 11 MiB - 24160 sectors (RO), sector size=512
Disk /dev/loop16 - 249 MB / 237 MiB - 486888 sectors (RO), sector size=512
Disk /dev/loop17 - 48 MB / 45 MiB - 94064 sectors (RO), sector size=512
Disk /dev/loop18 - 12 MB / 12 MiB - 25240 sectors (RO), sector size=512
Disk /dev/loop19 - 55 MB / 53 MiB - 109032 sectors (RO), sector size=512
Disk /dev/loop2 - 58 MB / 55 MiB - 113944 sectors (RO), sector size=512
Disk /dev/loop20 - 55 MB / 53 MiB - 109032 sectors (RO), sector size=512
Disk /dev/loop21 - 438 KB / 428 KiB - 856 sectors (RO), sector size=512
Disk /dev/loop22 - 462 KB / 452 KiB - 904 sectors (RO), sector size=512
Disk /dev/loop23 - 97 MB / 93 MiB - 191376 sectors (RO), sector size=512
Disk /dev/loop3 - 66 MB / 63 MiB - 129712 sectors (RO), sector size=512
Disk /dev/loop4 - 66 MB / 63 MiB - 129952 sectors (RO), sector size=512
Disk /dev/loop5 - 76 MB / 72 MiB - 149488 sectors (RO), sector size=512
Disk /dev/loop6 - 254 MB / 242 MiB - 497424 sectors (RO), sector size=512
Disk /dev/loop7 - 253 MB / 242 MiB - 495664 sectors (RO), sector size=512
Disk /dev/loop8 - 76 MB / 73 MiB - 149720 sectors (RO), sector size=512
Disk /dev/loop9 - 366 MB / 349 MiB - 716168 sectors (RO), sector size=512

SIGINT detected! TestDisk has been killed.
